The target architecture is set to "riscv:rv64".
0x0000000000001000 in ?? ()
=== RESET / PRELOADED IMAGE ===
pc             0x1000	0x1000
=> 0x1000:	auipc	t0,0x0
   0x1004:	addi	a1,t0,32
   0x1008:	csrr	a0,mhartid
   0x100c:	ld	t0,24(t0)
   0x1010:	jr	t0
   0x1014:	unimp
   0x1016:	unimp
   0x1018:	unimp
   0x101a:	.2byte	0x8000
   0x101c:	unimp
0x1018:	0x0000000080000000	0x260d0000edfe0dd0
0x1028:	0xb00b000038000000	0x1100000028000000
0x80200000 <kern_entry>:	0x00003117	0x00010113	0x3517a009	0x05130000
PASS reset-pc
PASS image-already-loaded-at-reset
=== RESET INSTRUCTIONS UNTIL FIRMWARE ===
0x0000000000001004 in ?? ()
pc             0x1004	0x1004
0x0000000000001008 in ?? ()
pc             0x1008	0x1008
0x000000000000100c in ?? ()
pc             0x100c	0x100c
0x0000000000001010 in ?? ()
pc             0x1010	0x1010
0x0000000080000000 in ?? ()
pc             0x80000000	0x80000000
PASS reset-to-opensbi
pc             0x80000000	0x80000000
a0             0x0	0
a1             0x1020	4128
a2             0x0	0
=> 0x80000000:	csrr	a6,mhartid
   0x80000004:	bgtz	a6,0x80000108
   0x80000008:	auipc	t0,0x0
   0x8000000c:	addi	t0,t0,1032
   0x80000010:	auipc	t1,0x0
   0x80000014:	addi	t1,t1,-16
=== OPENSBI TO KERNEL ===
Hardware watchpoint 1: -location *(unsigned int*)0x80200000
Hardware assisted breakpoint 2 at 0x80200000: file kern/init/entry.S, line 7.

Temporary breakpoint 2, kern_entry () at kern/init/entry.S:7
7	    la sp, bootstacktop
pc             0x80200000	0x80200000 <kern_entry>
sp             0x8001bd80	0x8001bd80
ra             0x80000a02	0x80000a02
a0             0x0	0
a1             0x82200000	2183135232
Dump of assembler code for function kern_entry:
=> 0x0000000080200000 <+0>:	auipc	sp,0x3
   0x0000000080200004 <+4>:	mv	sp,sp
   0x0000000080200008 <+8>:	j	0x8020000a <kern_init>
End of assembler dump.
PASS kernel-entry
0x0000000080200004 in kern_entry () at kern/init/entry.S:7
7	    la sp, bootstacktop
9	    tail kern_init
=== STACK AND TAIL TRANSFER ===
pc             0x80200008	0x80200008 <kern_entry+8>
sp             0x80203000	0x80203000 <SBI_CONSOLE_PUTCHAR>
ra             0x80000a02	0x80000a02
$1 = 0x80201000
$2 = 0x80203000
PASS stack-pointer
PASS stack-size
Hardware assisted breakpoint 3 at 0x8020000a: file kern/init/init.c, line 8.

Temporary breakpoint 3, kern_init () at kern/init/init.c:8
8	    memset(edata, 0, end - edata);
pc             0x8020000a	0x8020000a <kern_init>
sp             0x80203000	0x80203000 <SBI_CONSOLE_PUTCHAR>
ra             0x80000a02	0x80000a02
PASS tail-does-not-write-ra
BSS range: edata=0x80203008 end=0x80203008 bytes=0
=== C PRINTF ===
Hardware assisted breakpoint 4 at 0x80200056: file kern/libs/stdio.c, line 40.

Temporary breakpoint 4, cprintf (fmt=fmt@entry=0x802004e8 "%s\n\n") at kern/libs/stdio.c:40
40	    va_start(ap, fmt);
pc             0x80200056	0x80200056 <cprintf>
sp             0x80202ff0	0x80202ff0
a0             0x802004e8	2149582056
a1             0x802004c8	2149582024
0x802004e8:	"%s\n\n"
0x802004c8:	"(THU.CST) os is loading ...\n"
#0  cprintf (fmt=fmt@entry=0x802004e8 "%s\n\n") at kern/libs/stdio.c:40
#1  0x000000008020003a in kern_init () at kern/init/init.c:11
#2  0x0000000080000a02 in ?? ()
Backtrace stopped: previous frame inner to this frame (corrupt stack?)
PASS cprintf-reached
=== SBI ECALL ===
Hardware assisted breakpoint 5 at 0x80200492: file libs/sbi.c, line 18.

Temporary breakpoint 5, 0x0000000080200492 in sbi_call (arg2=0, arg1=0, arg0=40, sbi_type=1) at libs/sbi.c:18
18	    __asm__ volatile (
pc             0x80200492	0x80200492 <sbi_console_putchar+18>
a0             0x28	40
a7             0x1	1
PASS legacy-sbi-putchar-arguments
 pc       0000000080200492
 mhartid  0000000000000000
 mstatus  8000000000006000
 mip      0000000000000080
 mie      0000000000000008
 mideleg  0000000000000222
 medeleg  000000000000b109
 mtvec    0000000080000470
 mepc     0000000080200000
 mcause   0000000000000000
 zero 0000000000000000 ra 0000000080200048 sp 0000000080202f00 gp 0000000000000000
 tp 000000008001be00 t0 0000000080200000 t1 0000000080202fb8 t2 0000000000000001
 s0 0000000080202f94 s1 0000000080202f94 a0 0000000000000028 a1 0000000000000000
 a2 0000000000000000 a3 00000000802002da a4 0000000000000001 a5 0000000000000000
 a6 0000000000000009 a7 0000000000000001 s2 000000008020003c s3 0000000000000025
 s4 00000000802004c9 s5 0000000080200524 s6 ffffffffffffffff s7 0000000080200700
 s8 ffffffffffffffff s9 0000000000000000 s10 00000000802004ea s11 ffffffffffffffff
 t3 00000000802004e8 t4 0000000000000000 t5 0000000000000000 t6 0000000082200000
 ft0 0000000000000000 ft1 0000000000000000 ft2 0000000000000000 ft3 0000000000000000
 ft4 0000000000000000 ft5 0000000000000000 ft6 0000000000000000 ft7 0000000000000000
 fs0 0000000000000000 fs1 0000000000000000 fa0 0000000000000000 fa1 0000000000000000
 fa2 0000000000000000 fa3 0000000000000000 fa4 0000000000000000 fa5 0000000000000000
 fa6 0000000000000000 fa7 0000000000000000 fs2 0000000000000000 fs3 0000000000000000
 fs4 0000000000000000 fs5 0000000000000000 fs6 0000000000000000 fs7 0000000000000000
 fs8 0000000000000000 fs9 0000000000000000 fs10 0000000000000000 fs11 0000000000000000
 ft8 0000000000000000 ft9 0000000000000000 ft10 0000000000000000 ft11 0000000000000000
Firmware trap entry: 0x80000470
Hardware assisted breakpoint 6 at 0x80000470

Temporary breakpoint 6, 0x0000000080000470 in ?? ()
pc             0x80000470	0x80000470
PASS ecall-traps-to-firmware
Hardware assisted breakpoint 7 at 0x80200496: file libs/sbi.c, line 18.

Temporary breakpoint 7, 0x0000000080200496 in sbi_call (arg2=0, arg1=0, arg0=40, sbi_type=1) at libs/sbi.c:18
18	    __asm__ volatile (
pc             0x80200496	0x80200496 <sbi_console_putchar+22>
PASS sbi-returns-to-kernel
[Inferior 1 (process 1) detached]
