The target architecture is set to "riscv:rv64".
0x0000000000001000 in ?? ()
=== RESET / PRELOADED IMAGE ===
pc             0x1000	0x1000
=> 0x1000:	auipc	t0,0x0
   0x1004:	addi	a1,t0,32
   0x1008:	csrr	a0,mhartid
   0x100c:	ld	t0,24(t0)
   0x1010:	jr	t0
   0x1014:	unimp
   0x1016:	unimp
   0x1018:	unimp
   0x101a:	.2byte	0x8000
   0x101c:	unimp
0x1018:	0x0000000080000000	0x260d0000edfe0dd0
0x1028:	0xb00b000038000000	0x1100000028000000
0x80200000 <kern_entry>:	0x00003117	0x00010113	0x3517a009	0x05130000
PASS reset-pc
PASS image-already-loaded-at-reset
=== SIX RESET INSTRUCTIONS ===
0x0000000000001004 in ?? ()
pc             0x1004	0x1004
0x0000000000001008 in ?? ()
pc             0x1008	0x1008
0x000000000000100c in ?? ()
pc             0x100c	0x100c
0x0000000000001010 in ?? ()
pc             0x1010	0x1010
0x0000000080000000 in ?? ()
pc             0x80000000	0x80000000
0x0000000080000004 in ?? ()
pc             0x80000004	0x80000004
FAIL reset-to-opensbi
[Inferior 1 (process 1) detached]

Traceback (most recent call last):
  File "/home/sfm/os-course/os-labs/code/tools/verify_boot.py", line 152, in <module>
    main()
  File "/home/sfm/os-course/os-labs/code/tools/verify_boot.py", line 120, in main
    raise RuntimeError(f'GDB verification failed ({result.returncode})')
RuntimeError: GDB verification failed (1)
