=== ACTUAL UBUNTU ENVIRONMENT ===
2026-10-04T18:59:51+08:00
PRETTY_NAME="Ubuntu 22.04.5 LTS"
NAME="Ubuntu"
VERSION_ID="22.04"
VERSION="22.04.5 LTS (Jammy Jellyfish)"
VERSION_CODENAME=jammy
ID=ubuntu
ID_LIKE=debian
HOME_URL="https://www.ubuntu.com/"
SUPPORT_URL="https://help.ubuntu.com/"
BUG_REPORT_URL="https://bugs.launchpad.net/ubuntu/"
PRIVACY_POLICY_URL="https://www.ubuntu.com/legal/terms-and-policies/privacy-policy"
UBUNTU_CODENAME=jammy
Linux Stephen 6.18.40.1-microsoft-standard-WSL2 #1 SMP PREEMPT_DYNAMIC Fri Jul 31 22:12:15 UTC 2026 x86_64 x86_64 x86_64 GNU/Linux

=== node ===
v22.23.3

=== npm ===
10.9.9

=== git ===
git version 2.34.1

=== make ===
GNU Make 4.3
Built for x86_64-pc-linux-gnu
Copyright (C) 1988-2020 Free Software Foundation, Inc.
License GPLv3+: GNU GPL version 3 or later <http://gnu.org/licenses/gpl.html>
This is free software: you are free to change and redistribute it.
There is NO WARRANTY, to the extent permitted by law.

=== riscv64-unknown-elf-gcc ===
riscv64-unknown-elf-gcc () 10.2.0
Copyright (C) 2020 Free Software Foundation, Inc.
This is free software; see the source for copying conditions.  There is NO
warranty; not even for MERCHANTABILITY or FITNESS FOR A PARTICULAR PURPOSE.


=== riscv64-unknown-elf-gdb ===
GNU gdb (Ubuntu 12.1-0ubuntu1~22.04.2) 12.1
Copyright (C) 2022 Free Software Foundation, Inc.
License GPLv3+: GNU GPL version 3 or later <http://gnu.org/licenses/gpl.html>
This is free software: you are free to change and redistribute it.
There is NO WARRANTY, to the extent permitted by law.

=== qemu-system-riscv64 ===
QEMU emulator version 6.2.0 (Debian 1:6.2+dfsg-2ubuntu6.31)
Copyright (c) 2003-2021 Fabrice Bellard and the QEMU Project developers

=== python3 ===
Python 3.10.12
