66f50d46470041b0e09be2fdce2c4a8fa86c2f36
lab1
binutils-riscv64-unknown-elf	2.35.1-0ubuntu1
gcc-riscv64-unknown-elf	10.2.0-0ubuntu1
gdb-multiarch	12.1-0ubuntu1~22.04.2
nano	6.2-1ubuntu0.2
opensbi	1.3-1ubuntu0.22.04.3
qemu-system-misc	1:6.2+dfsg-2ubuntu6.31
0000000080200000 A BASE_ADDRESS
0000000080200000 T kern_entry
000000008020000a T kern_init
000000008020003c t cputch
0000000080200056 T cprintf
000000008020008c T cons_putc
0000000080200092 t printnum
00000000802000fe T vprintfmt
0000000080200460 T printfmt
0000000080200480 T sbi_console_putchar
000000008020049a T strnlen
00000000802004b6 T memset
0000000080200700 r error_string
0000000080201000 D bootstack
0000000080203000 D SBI_CONSOLE_PUTCHAR
0000000080203000 D bootstacktop
0000000080203008 D edata
0000000080203008 D end
