riscv_raise_exception: 65538
riscv_raise_exception: 65538
riscv_raise_exception: 65538
riscv_raise_exception: 65538
riscv_raise_exception: 65538
riscv_raise_exception: 65538
riscv_raise_exception: 65538
riscv_raise_exception: 65538
riscv_raise_exception: 65538
riscv_raise_exception: 65538
riscv_raise_exception: 65538
riscv_raise_exception: 8
riscv_raise_exception: 65538
riscv_raise_exception: 8
riscv_raise_exception: 8
riscv_raise_exception: 8
riscv_raise_exception: 8
riscv_raise_exception: 8
riscv_raise_exception: 8
riscv_raise_exception: 8
riscv_raise_exception: 8
riscv_raise_exception: 8
riscv_raise_exception: 8
riscv_raise_exception: 8
riscv_raise_exception: 8
riscv_raise_exception: 8
riscv_raise_exception: 8
riscv_raise_exception: 8
riscv_raise_exception: 8
riscv_raise_exception: 8
riscv_raise_exception: 8
riscv_raise_exception: 8
riscv_raise_exception: 8
riscv_raise_exception: 8
riscv_raise_exception: 8
riscv_raise_exception: 8
riscv_raise_exception: 8
riscv_raise_exception: 8
riscv_raise_exception: 8
riscv_raise_exception: 8
riscv_raise_exception: 8
riscv_raise_exception: 8
