ELF Header:
  Magic:   7f 45 4c 46 02 01 01 00 00 00 00 00 00 00 00 00 
  Class:                             ELF64
  Data:                              2's complement, little endian
  Version:                           1 (current)
  OS/ABI:                            UNIX - System V
  ABI Version:                       0
  Type:                              EXEC (Executable file)
  Machine:                           RISC-V
  Version:                           0x1
  Entry point address:               0x80200000
  Start of program headers:          64 (bytes into file)
  Start of section headers:          46856 (bytes into file)
  Flags:                             0x5, RVC, double-float ABI
  Size of this header:               64 (bytes)
  Size of program headers:           56 (bytes)
  Number of program headers:         3
  Size of section headers:           64 (bytes)
  Number of section headers:         19
  Section header string table index: 18

Section Headers:
  [Nr] Name              Type             Address           Offset
       Size              EntSize          Flags  Link  Info  Align
  [ 0]                   NULL             0000000000000000  00000000
       0000000000000000  0000000000000000           0     0     0
  [ 1] .text             PROGBITS         0000000080200000  00001000
       00000000000004b0  0000000000000000  AX       0     0     2
  [ 2] .rodata           PROGBITS         00000000802004b0  000014b0
       0000000000000270  0000000000000000   A       0     0     8
  [ 3] .data             PROGBITS         0000000080201000  00002000
       0000000000002000  0000000000000000  WA       0     0     4096
  [ 4] .sdata            PROGBITS         0000000080203000  00004000
       0000000000000008  0000000000000000  WA       0     0     8
  [ 5] .riscv.attributes RISCV_ATTRIBUTE  0000000000000000  00004008
       0000000000000035  0000000000000000           0     0     1
  [ 6] .comment          PROGBITS         0000000000000000  0000403d
       0000000000000033  0000000000000001  MS       0     0     1
  [ 7] .debug_line       PROGBITS         0000000000000000  00004070
       0000000000001b8e  0000000000000000           0     0     1
  [ 8] .debug_line_str   PROGBITS         0000000000000000  00005bfe
       00000000000000fe  0000000000000001  MS       0     0     1
  [ 9] .debug_info       PROGBITS         0000000000000000  00005cfc
       0000000000001628  0000000000000000           0     0     1
  [10] .debug_abbrev     PROGBITS         0000000000000000  00007324
       00000000000009a8  0000000000000000           0     0     1
  [11] .debug_aranges    PROGBITS         0000000000000000  00007cd0
       00000000000002f0  0000000000000000           0     0     16
  [12] .debug_str        PROGBITS         0000000000000000  00007fc0
       000000000000040c  0000000000000001  MS       0     0     1
  [13] .debug_rnglists   PROGBITS         0000000000000000  000083cc
       0000000000000498  0000000000000000           0     0     1
  [14] .debug_frame      PROGBITS         0000000000000000  00008868
       0000000000000488  0000000000000000           0     0     8
  [15] .debug_loclists   PROGBITS         0000000000000000  00008cf0
       0000000000002378  0000000000000000           0     0     1
  [16] .symtab           SYMTAB           0000000000000000  0000b068
       00000000000004e0  0000000000000018          17    37     8
  [17] .strtab           STRTAB           0000000000000000  0000b548
       00000000000000f2  0000000000000000           0     0     1
  [18] .shstrtab         STRTAB           0000000000000000  0000b63a
       00000000000000ce  0000000000000000           0     0     1
Key to Flags:
  W (write), A (alloc), X (execute), M (merge), S (strings), I (info),
  L (link order), O (extra OS processing required), G (group), T (TLS),
  C (compressed), x (unknown), o (OS specific), E (exclude),
  D (mbind), p (processor specific)
